
> daniellocatelli@1.3.0 build
> astro check && astro build

[2m16:39:02[22m [34m[@astrojs/cloudflare][39m Enabling sessions with Cloudflare KV with the "SESSION" KV binding.
[2m16:39:02[22m [34m[@astrojs/cloudflare][39m If you see the error "Invalid binding `SESSION`" in your build output, you need to add the binding to your wrangler config file.
[33m[1m16:39:02[22m [WARN] [adapter][39m Cloudflare does not support sharp at runtime. However, you can configure `imageService: "compile"` to optimize images with sharp on prerendered pages during build time.
[2m16:39:03[22m [34m[content][39m Syncing content
[33m[1m16:39:03[22m [WARN] [glob-loader][39m No files found matching "**/*.md,!**/_*/**/*.md,!**/_*.md" in directory "src\content\people"
[33m[1m16:39:03[22m [WARN] [glob-loader][39m No files found matching "**/*.md,!**/_*/**/*.md,!**/_*.md" in directory "src\content\cities"
[33m[1m16:39:03[22m [WARN] [glob-loader][39m No files found matching "**/*.md,!**/_*/**/*.md,!**/_*.md" in directory "src\content\prizes"
[33m[1m16:39:03[22m [WARN] [glob-loader][39m No files found matching "**/*.md,!**/_*/**/*.md,!**/_*.md" in directory "src\content\organizations"
[33m[1m16:39:03[22m [WARN] [glob-loader][39m No files found matching "**/*.md,!**/_*/**/*.md,!**/_*.md" in directory "src\content\tools"
[2m16:39:03[22m [34m[content][39m Synced content
[2m16:39:03[22m [34m[types][39m Generated [2m1.59s[22m
[2m16:39:03[22m [34m[check][39m Getting diagnostics for Astro files in C:\repos\daniellocatelli...
[96msrc/components/Footer.astro[0m:[93m6[0m:[93m1[0m - [93mwarning[0m[90m ts(6133): [0m'globe' is declared but its value is never read.

[7m6[0m import globe from "@/assets/ui/globe.svg";
[7m [0m [93m~~~~~~~~~~~~~~~~~~~~~~~~~~~~~~~~~~~~~~~~~~[0m
[96msrc/components/Footer.astro[0m:[93m5[0m:[93m1[0m - [93mwarning[0m[90m ts(6133): [0m'Image' is declared but its value is never read.

[7m5[0m import { Image } from "astro:assets";
[7m [0m [93m~~~~~~~~~~~~~~~~~~~~~~~~~~~~~~~~~~~~~[0m

[96msrc/components/Header.astro[0m:[93m6[0m:[93m1[0m - [93mwarning[0m[90m ts(6133): [0m'globe' is declared but its value is never read.

[7m6[0m import globe from "@/assets/ui/globe.svg";
[7m [0m [93m~~~~~~~~~~~~~~~~~~~~~~~~~~~~~~~~~~~~~~~~~~[0m

[96msrc/lib/blog-helpers.ts[0m:[93m10[0m:[93m3[0m - [93mwarning[0m[90m ts(6196): [0m'Page' is declared but never used.

[7m10[0m   Page,
[7m  [0m [93m  ~~~~[0m

[96msrc/pages/[...locale]/[...page].astro[0m:[93m238[0m:[93m46[0m - [91merror[0m[90m ts(18046): [0m'subpage' is of type 'unknown'.

[7m238[0m                             transition:name={subpage.data.PageId + "-image"}
[7m   [0m [91m                                             ~~~~~~~[0m
[96msrc/pages/[...locale]/[...page].astro[0m:[93m237[0m:[93m34[0m - [91merror[0m[90m ts(18046): [0m'subpage' is of type 'unknown'.

[7m237[0m                             alt={subpage.data.CoverAlt || ""}
[7m   [0m [91m                                 ~~~~~~~[0m
[96msrc/pages/[...locale]/[...page].astro[0m:[93m220[0m:[93m46[0m - [91merror[0m[90m ts(18046): [0m'subpage' is of type 'unknown'.

[7m220[0m                             transition:name={subpage.data.PageId + "-image"}
[7m   [0m [91m                                             ~~~~~~~[0m
[96msrc/pages/[...locale]/[...page].astro[0m:[93m219[0m:[93m34[0m - [91merror[0m[90m ts(18046): [0m'subpage' is of type 'unknown'.

[7m219[0m                             alt={subpage.data.CoverAlt || ""}
[7m   [0m [91m                                 ~~~~~~~[0m
[96msrc/pages/[...locale]/[...page].astro[0m:[93m211[0m:[93m28[0m - [91merror[0m[90m ts(18046): [0m'subpage' is of type 'unknown'.

[7m211[0m                           {subpage.data.Name}
[7m   [0m [91m                           ~~~~~~~[0m
[96msrc/pages/[...locale]/[...page].astro[0m:[93m206[0m:[93m91[0m - [91merror[0m[90m ts(18046): [0m'subpage' is of type 'unknown'.

[7m206[0m                       href={`/${locale === siteConfig.defaultLocale ? "" : `${locale}/`}${subpage.data.Slug}`}
[7m   [0m [91m                                                                                          ~~~~~~~[0m
[96msrc/pages/[...locale]/[...page].astro[0m:[93m115[0m:[93m19[0m - [91merror[0m[90m ts(18046): [0m'subpage' is of type 'unknown'.

[7m115[0m     const cover = subpage.data.Cover;
[7m   [0m [91m                  ~~~~~~~[0m
[96msrc/pages/[...locale]/[...page].astro[0m:[93m114[0m:[93m7[0m - [91merror[0m[90m ts(18046): [0m'subpage' is of type 'unknown'.

[7m114[0m   if (subpage.data.Cover) {
[7m   [0m [91m      ~~~~~~~[0m
[96msrc/pages/[...locale]/[...page].astro[0m:[93m106[0m:[93m16[0m - [91merror[0m[90m ts(18046): [0m'a' is of type 'unknown'.

[7m106[0m       new Date(a.data.DateStart).getTime()
[7m   [0m [91m               ~[0m
[96msrc/pages/[...locale]/[...page].astro[0m:[93m105[0m:[93m16[0m - [91merror[0m[90m ts(18046): [0m'b' is of type 'unknown'.

[7m105[0m       new Date(b.data.DateStart).getTime() -
[7m   [0m [91m               ~[0m
[96msrc/pages/[...locale]/[...page].astro[0m:[93m103[0m:[93m10[0m - [91merror[0m[90m ts(18046): [0m'b' is of type 'unknown'.

[7m103[0m     if (!b.data.DateStart) return -1;
[7m   [0m [91m         ~[0m
[96msrc/pages/[...locale]/[...page].astro[0m:[93m102[0m:[93m10[0m - [91merror[0m[90m ts(18046): [0m'a' is of type 'unknown'.

[7m102[0m     if (!a.data.DateStart) return 1;
[7m   [0m [91m         ~[0m
[96msrc/pages/[...locale]/[...page].astro[0m:[93m100[0m:[93m18[0m - [91merror[0m[90m ts(18046): [0m'p' is of type 'unknown'.

[7m100[0m   .filter((p) => p.data.Locale === locale)
[7m   [0m [91m                 ~[0m

[96msrc/pages/[...locale]/[...subpage].astro[0m:[93m328[0m:[93m20[0m - [91merror[0m[90m ts(18046): [0m'subpage' is of type 'unknown'.

[7m328[0m                   {subpage.data.References.map(
[7m   [0m [91m                   ~~~~~~~[0m
[96msrc/pages/[...locale]/[...subpage].astro[0m:[93m324[0m:[93m13[0m - [91merror[0m[90m ts(18046): [0m'subpage' is of type 'unknown'.

[7m324[0m             subpage.data.References.length > 0 && (
[7m   [0m [91m            ~~~~~~~[0m
[96msrc/pages/[...locale]/[...subpage].astro[0m:[93m323[0m:[93m11[0m - [91merror[0m[90m ts(18046): [0m'subpage' is of type 'unknown'.

[7m323[0m           subpage.data.References !== undefined &&
[7m   [0m [91m          ~~~~~~~[0m
[96msrc/pages/[...locale]/[...subpage].astro[0m:[93m311[0m:[93m49[0m - [91merror[0m[90m ts(7006): [0mParameter 'index' implicitly has an 'any' type.

[7m311[0m                 {subpage.data.Apps.map((member, index) => {
[7m   [0m [91m                                                ~~~~~[0m
[96msrc/pages/[...locale]/[...subpage].astro[0m:[93m311[0m:[93m41[0m - [91merror[0m[90m ts(7006): [0mParameter 'member' implicitly has an 'any' type.

[7m311[0m                 {subpage.data.Apps.map((member, index) => {
[7m   [0m [91m                                        ~~~~~~[0m
[96msrc/pages/[...locale]/[...subpage].astro[0m:[93m311[0m:[93m18[0m - [91merror[0m[90m ts(18046): [0m'subpage' is of type 'unknown'.

[7m311[0m                 {subpage.data.Apps.map((member, index) => {
[7m   [0m [91m                 ~~~~~~~[0m
[96msrc/pages/[...locale]/[...subpage].astro[0m:[93m307[0m:[93m32[0m - [91merror[0m[90m ts(18046): [0m'subpage' is of type 'unknown'.

[7m307[0m           subpage.data.Apps && subpage.data.Apps.length > 0 && (
[7m   [0m [91m                               ~~~~~~~[0m
[96msrc/pages/[...locale]/[...subpage].astro[0m:[93m307[0m:[93m11[0m - [91merror[0m[90m ts(18046): [0m'subpage' is of type 'unknown'.

[7m307[0m           subpage.data.Apps && subpage.data.Apps.length > 0 && (
[7m   [0m [91m          ~~~~~~~[0m
[96msrc/pages/[...locale]/[...subpage].astro[0m:[93m299[0m:[93m18[0m - [91merror[0m[90m ts(18046): [0m'subpage' is of type 'unknown'.

[7m299[0m                 {subpage.data.Link.map((richText: interfaces.RichText) => (
[7m   [0m [91m                 ~~~~~~~[0m
[96msrc/pages/[...locale]/[...subpage].astro[0m:[93m295[0m:[93m46[0m - [91merror[0m[90m ts(18046): [0m'subpage' is of type 'unknown'.

[7m295[0m           subpage.data.Link !== undefined && subpage.data.Link.length > 0 && (
[7m   [0m [91m                                             ~~~~~~~[0m
[96msrc/pages/[...locale]/[...subpage].astro[0m:[93m295[0m:[93m11[0m - [91merror[0m[90m ts(18046): [0m'subpage' is of type 'unknown'.

[7m295[0m           subpage.data.Link !== undefined && subpage.data.Link.length > 0 && (
[7m   [0m [91m          ~~~~~~~[0m
[96msrc/pages/[...locale]/[...subpage].astro[0m:[93m283[0m:[93m54[0m - [91merror[0m[90m ts(7006): [0mParameter 'index' implicitly has an 'any' type.

[7m283[0m                 {subpage.data.Language.map((manager, index) => {
[7m   [0m [91m                                                     ~~~~~[0m
[96msrc/pages/[...locale]/[...subpage].astro[0m:[93m283[0m:[93m45[0m - [91merror[0m[90m ts(7006): [0mParameter 'manager' implicitly has an 'any' type.

[7m283[0m                 {subpage.data.Language.map((manager, index) => {
[7m   [0m [91m                                            ~~~~~~~[0m
[96msrc/pages/[...locale]/[...subpage].astro[0m:[93m283[0m:[93m18[0m - [91merror[0m[90m ts(18046): [0m'subpage' is of type 'unknown'.

[7m283[0m                 {subpage.data.Language.map((manager, index) => {
[7m   [0m [91m                 ~~~~~~~[0m
[96msrc/pages/[...locale]/[...subpage].astro[0m:[93m277[0m:[93m16[0m - [91merror[0m[90m ts(18046): [0m'subpage' is of type 'unknown'.

[7m277[0m               {subpage.data.Language.length === 1 ? (
[7m   [0m [91m               ~~~~~~~[0m
[96msrc/pages/[...locale]/[...subpage].astro[0m:[93m275[0m:[93m36[0m - [91merror[0m[90m ts(18046): [0m'subpage' is of type 'unknown'.

[7m275[0m           subpage.data.Language && subpage.data.Language.length > 0 && (
[7m   [0m [91m                                   ~~~~~~~[0m
[96msrc/pages/[...locale]/[...subpage].astro[0m:[93m275[0m:[93m11[0m - [91merror[0m[90m ts(18046): [0m'subpage' is of type 'unknown'.

[7m275[0m           subpage.data.Language && subpage.data.Language.length > 0 && (
[7m   [0m [91m          ~~~~~~~[0m
[96msrc/pages/[...locale]/[...subpage].astro[0m:[93m270[0m:[93m20[0m - [91merror[0m[90m ts(18046): [0m'subpage' is of type 'unknown'.

[7m270[0m               <td>{subpage.data.Place}</td>
[7m   [0m [91m                   ~~~~~~~[0m
[96msrc/pages/[...locale]/[...subpage].astro[0m:[93m267[0m:[93m11[0m - [91merror[0m[90m ts(18046): [0m'subpage' is of type 'unknown'.

[7m267[0m           subpage.data.Place !== "" && (
[7m   [0m [91m          ~~~~~~~[0m
[96msrc/pages/[...locale]/[...subpage].astro[0m:[93m255[0m:[93m57[0m - [91merror[0m[90m ts(7006): [0mParameter 'index' implicitly has an 'any' type.

[7m255[0m                 {subpage.data.Development.map((manager, index) => {
[7m   [0m [91m                                                        ~~~~~[0m
[96msrc/pages/[...locale]/[...subpage].astro[0m:[93m255[0m:[93m48[0m - [91merror[0m[90m ts(7006): [0mParameter 'manager' implicitly has an 'any' type.

[7m255[0m                 {subpage.data.Development.map((manager, index) => {
[7m   [0m [91m                                               ~~~~~~~[0m
[96msrc/pages/[...locale]/[...subpage].astro[0m:[93m255[0m:[93m18[0m - [91merror[0m[90m ts(18046): [0m'subpage' is of type 'unknown'.

[7m255[0m                 {subpage.data.Development.map((manager, index) => {
[7m   [0m [91m                 ~~~~~~~[0m
[96msrc/pages/[...locale]/[...subpage].astro[0m:[93m251[0m:[93m39[0m - [91merror[0m[90m ts(18046): [0m'subpage' is of type 'unknown'.

[7m251[0m           subpage.data.Development && subpage.data.Development.length > 0 && (
[7m   [0m [91m                                      ~~~~~~~[0m
[96msrc/pages/[...locale]/[...subpage].astro[0m:[93m251[0m:[93m11[0m - [91merror[0m[90m ts(18046): [0m'subpage' is of type 'unknown'.

[7m251[0m           subpage.data.Development && subpage.data.Development.length > 0 && (
[7m   [0m [91m          ~~~~~~~[0m
[96msrc/pages/[...locale]/[...subpage].astro[0m:[93m239[0m:[93m49[0m - [91merror[0m[90m ts(7006): [0mParameter 'index' implicitly has an 'any' type.

[7m239[0m                 {subpage.data.Team.map((member, index) => {
[7m   [0m [91m                                                ~~~~~[0m
[96msrc/pages/[...locale]/[...subpage].astro[0m:[93m239[0m:[93m41[0m - [91merror[0m[90m ts(7006): [0mParameter 'member' implicitly has an 'any' type.

[7m239[0m                 {subpage.data.Team.map((member, index) => {
[7m   [0m [91m                                        ~~~~~~[0m
[96msrc/pages/[...locale]/[...subpage].astro[0m:[93m239[0m:[93m18[0m - [91merror[0m[90m ts(18046): [0m'subpage' is of type 'unknown'.

[7m239[0m                 {subpage.data.Team.map((member, index) => {
[7m   [0m [91m                 ~~~~~~~[0m
[96msrc/pages/[...locale]/[...subpage].astro[0m:[93m235[0m:[93m32[0m - [91merror[0m[90m ts(18046): [0m'subpage' is of type 'unknown'.

[7m235[0m           subpage.data.Team && subpage.data.Team.length > 0 && (
[7m   [0m [91m                               ~~~~~~~[0m
[96msrc/pages/[...locale]/[...subpage].astro[0m:[93m235[0m:[93m11[0m - [91merror[0m[90m ts(18046): [0m'subpage' is of type 'unknown'.

[7m235[0m           subpage.data.Team && subpage.data.Team.length > 0 && (
[7m   [0m [91m          ~~~~~~~[0m
[96msrc/pages/[...locale]/[...subpage].astro[0m:[93m223[0m:[93m53[0m - [91merror[0m[90m ts(7006): [0mParameter 'index' implicitly has an 'any' type.

[7m223[0m                 {subpage.data.Manager.map((manager, index) => {
[7m   [0m [91m                                                    ~~~~~[0m
[96msrc/pages/[...locale]/[...subpage].astro[0m:[93m223[0m:[93m44[0m - [91merror[0m[90m ts(7006): [0mParameter 'manager' implicitly has an 'any' type.

[7m223[0m                 {subpage.data.Manager.map((manager, index) => {
[7m   [0m [91m                                           ~~~~~~~[0m
[96msrc/pages/[...locale]/[...subpage].astro[0m:[93m223[0m:[93m18[0m - [91merror[0m[90m ts(18046): [0m'subpage' is of type 'unknown'.

[7m223[0m                 {subpage.data.Manager.map((manager, index) => {
[7m   [0m [91m                 ~~~~~~~[0m
[96msrc/pages/[...locale]/[...subpage].astro[0m:[93m217[0m:[93m16[0m - [91merror[0m[90m ts(18046): [0m'subpage' is of type 'unknown'.

[7m217[0m               {subpage.data.Manager.length === 1 ? (
[7m   [0m [91m               ~~~~~~~[0m
[96msrc/pages/[...locale]/[...subpage].astro[0m:[93m215[0m:[93m35[0m - [91merror[0m[90m ts(18046): [0m'subpage' is of type 'unknown'.

[7m215[0m           subpage.data.Manager && subpage.data.Manager.length > 0 && (
[7m   [0m [91m                                  ~~~~~~~[0m
[96msrc/pages/[...locale]/[...subpage].astro[0m:[93m215[0m:[93m11[0m - [91merror[0m[90m ts(18046): [0m'subpage' is of type 'unknown'.

[7m215[0m           subpage.data.Manager && subpage.data.Manager.length > 0 && (
[7m   [0m [91m          ~~~~~~~[0m
[96msrc/pages/[...locale]/[...subpage].astro[0m:[93m203[0m:[93m55[0m - [91merror[0m[90m ts(7006): [0mParameter 'index' implicitly has an 'any' type.

[7m203[0m                 {subpage.data.Director.map((director, index) => {
[7m   [0m [91m                                                      ~~~~~[0m
[96msrc/pages/[...locale]/[...subpage].astro[0m:[93m203[0m:[93m45[0m - [91merror[0m[90m ts(7006): [0mParameter 'director' implicitly has an 'any' type.

[7m203[0m                 {subpage.data.Director.map((director, index) => {
[7m   [0m [91m                                            ~~~~~~~~[0m
[96msrc/pages/[...locale]/[...subpage].astro[0m:[93m203[0m:[93m18[0m - [91merror[0m[90m ts(18046): [0m'subpage' is of type 'unknown'.

[7m203[0m                 {subpage.data.Director.map((director, index) => {
[7m   [0m [91m                 ~~~~~~~[0m
[96msrc/pages/[...locale]/[...subpage].astro[0m:[93m197[0m:[93m16[0m - [91merror[0m[90m ts(18046): [0m'subpage' is of type 'unknown'.

[7m197[0m               {subpage.data.Director.length === 1 ? (
[7m   [0m [91m               ~~~~~~~[0m
[96msrc/pages/[...locale]/[...subpage].astro[0m:[93m195[0m:[93m36[0m - [91merror[0m[90m ts(18046): [0m'subpage' is of type 'unknown'.

[7m195[0m           subpage.data.Director && subpage.data.Director.length > 0 && (
[7m   [0m [91m                                   ~~~~~~~[0m
[96msrc/pages/[...locale]/[...subpage].astro[0m:[93m195[0m:[93m11[0m - [91merror[0m[90m ts(18046): [0m'subpage' is of type 'unknown'.

[7m195[0m           subpage.data.Director && subpage.data.Director.length > 0 && (
[7m   [0m [91m          ~~~~~~~[0m
[96msrc/pages/[...locale]/[...subpage].astro[0m:[93m190[0m:[93m20[0m - [91merror[0m[90m ts(18046): [0m'subpage' is of type 'unknown'.

[7m190[0m               <td>{subpage.data.Client}</td>
[7m   [0m [91m                   ~~~~~~~[0m
[96msrc/pages/[...locale]/[...subpage].astro[0m:[93m187[0m:[93m11[0m - [91merror[0m[90m ts(18046): [0m'subpage' is of type 'unknown'.

[7m187[0m           subpage.data.Client && (
[7m   [0m [91m          ~~~~~~~[0m
[96msrc/pages/[...locale]/[...subpage].astro[0m:[93m175[0m:[93m52[0m - [91merror[0m[90m ts(7006): [0mParameter 'index' implicitly has an 'any' type.

[7m175[0m                 {subpage.data.Authors.map((author, index) => {
[7m   [0m [91m                                                   ~~~~~[0m
[96msrc/pages/[...locale]/[...subpage].astro[0m:[93m175[0m:[93m44[0m - [91merror[0m[90m ts(7006): [0mParameter 'author' implicitly has an 'any' type.

[7m175[0m                 {subpage.data.Authors.map((author, index) => {
[7m   [0m [91m                                           ~~~~~~[0m
[96msrc/pages/[...locale]/[...subpage].astro[0m:[93m175[0m:[93m18[0m - [91merror[0m[90m ts(18046): [0m'subpage' is of type 'unknown'.

[7m175[0m                 {subpage.data.Authors.map((author, index) => {
[7m   [0m [91m                 ~~~~~~~[0m
[96msrc/pages/[...locale]/[...subpage].astro[0m:[93m169[0m:[93m16[0m - [91merror[0m[90m ts(18046): [0m'subpage' is of type 'unknown'.

[7m169[0m               {subpage.data.Authors.length === 1 ? (
[7m   [0m [91m               ~~~~~~~[0m
[96msrc/pages/[...locale]/[...subpage].astro[0m:[93m167[0m:[93m35[0m - [91merror[0m[90m ts(18046): [0m'subpage' is of type 'unknown'.

[7m167[0m           subpage.data.Authors && subpage.data.Authors?.length > 0 && (
[7m   [0m [91m                                  ~~~~~~~[0m
[96msrc/pages/[...locale]/[...subpage].astro[0m:[93m167[0m:[93m11[0m - [91merror[0m[90m ts(18046): [0m'subpage' is of type 'unknown'.

[7m167[0m           subpage.data.Authors && subpage.data.Authors?.length > 0 && (
[7m   [0m [91m          ~~~~~~~[0m
[96msrc/pages/[...locale]/[...subpage].astro[0m:[93m162[0m:[93m20[0m - [91merror[0m[90m ts(18046): [0m'subpage' is of type 'unknown'.

[7m162[0m               <td>{subpage.data.DateStart}</td>
[7m   [0m [91m                   ~~~~~~~[0m
[96msrc/pages/[...locale]/[...subpage].astro[0m:[93m159[0m:[93m15[0m - [91merror[0m[90m ts(18046): [0m'subpage' is of type 'unknown'.

[7m159[0m           ) : subpage.data.DateStart ? (
[7m   [0m [91m              ~~~~~~~[0m
[96msrc/pages/[...locale]/[...subpage].astro[0m:[93m157[0m:[93m20[0m - [91merror[0m[90m ts(18046): [0m'subpage' is of type 'unknown'.

[7m157[0m               <td>{subpage.data.DateEnd}</td>
[7m   [0m [91m                   ~~~~~~~[0m
[96msrc/pages/[...locale]/[...subpage].astro[0m:[93m154[0m:[93m11[0m - [91merror[0m[90m ts(18046): [0m'subpage' is of type 'unknown'.

[7m154[0m           subpage.data.DateEnd ? (
[7m   [0m [91m          ~~~~~~~[0m
[96msrc/pages/[...locale]/[...subpage].astro[0m:[93m148[0m:[93m10[0m - [91merror[0m[90m ts(18046): [0m'subpage' is of type 'unknown'.

[7m148[0m         {subpage.data.Name}
[7m   [0m [91m         ~~~~~~~[0m
[96msrc/pages/[...locale]/[...subpage].astro[0m:[93m132[0m:[93m28[0m - [91merror[0m[90m ts(18046): [0m'subpage' is of type 'unknown'.

[7m132[0m           transition:name={subpage.data.PageId + "-image"}
[7m   [0m [91m                           ~~~~~~~[0m
[96msrc/pages/[...locale]/[...subpage].astro[0m:[93m131[0m:[93m16[0m - [91merror[0m[90m ts(18046): [0m'subpage' is of type 'unknown'.

[7m131[0m           alt={subpage.data.CoverAlt || ""}
[7m   [0m [91m               ~~~~~~~[0m
[96msrc/pages/[...locale]/[...subpage].astro[0m:[93m118[0m:[93m15[0m - [91merror[0m[90m ts(18046): [0m'subpage' is of type 'unknown'.

[7m118[0m     coverAlt: subpage.data.CoverAlt || "Cover image",
[7m   [0m [91m              ~~~~~~~[0m
[96msrc/pages/[...locale]/[...subpage].astro[0m:[93m116[0m:[93m18[0m - [91merror[0m[90m ts(18046): [0m'subpage' is of type 'unknown'.

[7m116[0m     description: subpage.data.Description,
[7m   [0m [91m                 ~~~~~~~[0m
[96msrc/pages/[...locale]/[...subpage].astro[0m:[93m115[0m:[93m12[0m - [91merror[0m[90m ts(18046): [0m'subpage' is of type 'unknown'.

[7m115[0m     title: subpage.data.Name,
[7m   [0m [91m           ~~~~~~~[0m
[96msrc/pages/[...locale]/[...subpage].astro[0m:[93m90[0m:[93m17[0m - [91merror[0m[90m ts(18046): [0m'subpage' is of type 'unknown'.

[7m90[0m   const cover = subpage.data.Cover;
[7m  [0m [91m                ~~~~~~~[0m
[96msrc/pages/[...locale]/[...subpage].astro[0m:[93m89[0m:[93m5[0m - [91merror[0m[90m ts(18046): [0m'subpage' is of type 'unknown'.

[7m89[0m if (subpage.data.Cover) {
[7m  [0m [91m    ~~~~~~~[0m
[96msrc/pages/[...locale]/[...subpage].astro[0m:[93m75[0m:[93m27[0m - [91merror[0m[90m ts(18046): [0m'subpage' is of type 'unknown'.

[7m75[0m const { Content } = await subpage.render();
[7m  [0m [91m                          ~~~~~~~[0m
[96msrc/pages/[...locale]/[...subpage].astro[0m:[93m54[0m:[93m20[0m - [91merror[0m[90m ts(18046): [0m'subpage' is of type 'unknown'.

[7m54[0m           subpage: subpage.data.Slug,
[7m  [0m [91m                   ~~~~~~~[0m
[96msrc/pages/[...locale]/[...subpage].astro[0m:[93m47[0m:[93m29[0m - [91merror[0m[90m ts(18046): [0m'subpage' is of type 'unknown'.

[7m47[0m       const subpageLocale = subpage.data.Locale || siteConfig.defaultLocale;
[7m  [0m [91m                            ~~~~~~~[0m

[96msrc/pages/[...locale]/cv.astro[0m:[93m731[0m:[93m24[0m - [91merror[0m[90m ts(7053): [0mElement implicitly has an 'any' type because expression of type 'any' can't be used to index type '{ course: string; talk: string; workshop: string; seminar: string; }'.

[7m731[0m                       {cv.ui.engagementTypes[engagement.type]}
[7m   [0m [91m                       ~~~~~~~~~~~~~~~~~~~~~~~~~~~~~~~~~~~~~~[0m
[96msrc/pages/[...locale]/cv.astro[0m:[93m15[0m:[93m3[0m - [93mwarning[0m[90m ts(6196): [0m'Engagement' is declared but never used.

[7m15[0m   Engagement,
[7m  [0m [93m  ~~~~~~~~~~[0m
[96msrc/pages/[...locale]/cv.astro[0m:[93m13[0m:[93m3[0m - [93mwarning[0m[90m ts(6196): [0m'Publication' is declared but never used.

[7m13[0m   Publication,
[7m  [0m [93m  ~~~~~~~~~~~[0m

[96msrc/pages/[...locale]/full-cv.astro[0m:[93m18[0m:[93m3[0m - [93mwarning[0m[90m ts(6196): [0m'Work' is declared but never used.

[7m18[0m   Work,
[7m  [0m [93m  ~~~~[0m
[96msrc/pages/[...locale]/full-cv.astro[0m:[93m16[0m:[93m3[0m - [93mwarning[0m[90m ts(6196): [0m'Engagement' is declared but never used.

[7m16[0m   Engagement,
[7m  [0m [93m  ~~~~~~~~~~[0m
[96msrc/pages/[...locale]/full-cv.astro[0m:[93m14[0m:[93m3[0m - [93mwarning[0m[90m ts(6196): [0m'Publication' is declared but never used.

[7m14[0m   Publication,
[7m  [0m [93m  ~~~~~~~~~~~[0m

[96msrc/scripts/migrate-notion.ts[0m:[93m61[0m:[93m13[0m - [93mwarning[0m[90m ts(6133): [0m'slug' is declared but its value is never read.

[7m61[0m       const slug = page.Slug.split("/").pop() || page.PageId; // Handle nested slugs if needed
[7m  [0m [93m            ~~~~[0m
[96msrc/scripts/migrate-notion.ts[0m:[93m10[0m:[93m1[0m - [93mwarning[0m[90m ts(6133): [0m'siteConfig' is declared but its value is never read.

[7m10[0m import { siteConfig } from "../config/site";
[7m  [0m [93m~~~~~~~~~~~~~~~~~~~~~~~~~~~~~~~~~~~~~~~~~~~~[0m
[96msrc/scripts/migrate-notion.ts[0m:[93m9[0m:[93m22[0m - [93mwarning[0m[90m ts(6196): [0m'Page' is declared but never used.

[7m9[0m import type { Block, Page, RichText } from "../lib/notion-interfaces";
[7m [0m [93m                     ~~~~[0m

Result (114 files): 
- 78 errors
- 0 warnings
- 12 hints

